Traceback (most recent call last):
  File "C:\Users\AHMAD HADI\AppData\Local\Programs\Python\Python314\Lib\site-packages\jupyter_cache\executors\utils.py", line 58, in single_nb_execution
    executenb(
    ~~~~~~~~~^
        nb,
        ^^^
    ...<4 lines>...
        **kwargs,
        ^^^^^^^^^
    )
    ^
  File "C:\Users\AHMAD HADI\AppData\Local\Programs\Python\Python314\Lib\site-packages\nbclient\client.py", line 1323, in execute
    return NotebookClient(nb=nb, resources=resources, km=km, **kwargs).execute()
           ~~~~~~~~~~~~~~~~~~~~~~~~~~~~~~~~~~~~~~~~~~~~~~~~~~~~~~~~~~~~~~~~~~~^^
  File "C:\Users\AHMAD HADI\AppData\Roaming\Python\Python314\site-packages\jupyter_core\utils\__init__.py", line 165, in wrapped
    return loop.run_until_complete(inner)
           ~~~~~~~~~~~~~~~~~~~~~~~^^^^^^^
  File "C:\Users\AHMAD HADI\AppData\Local\Programs\Python\Python314\Lib\asyncio\base_events.py", line 719, in run_until_complete
    return future.result()
           ~~~~~~~~~~~~~^^
  File "C:\Users\AHMAD HADI\AppData\Local\Programs\Python\Python314\Lib\site-packages\nbclient\client.py", line 709, in async_execute
    await self.async_execute_cell(
        cell, index, execution_count=self.code_cells_executed + 1
    )
  File "C:\Users\AHMAD HADI\AppData\Local\Programs\Python\Python314\Lib\site-packages\nbclient\client.py", line 1062, in async_execute_cell
    await self._check_raise_for_error(cell, cell_index, exec_reply)
  File "C:\Users\AHMAD HADI\AppData\Local\Programs\Python\Python314\Lib\site-packages\nbclient\client.py", line 918, in _check_raise_for_error
    raise CellExecutionError.from_cell_and_msg(cell, exec_reply_content)
nbclient.exceptions.CellExecutionError: An error occurred while executing the following cell:
------------------
# Create a recursive multi-step forecaster (ForecasterRecursive)
# ==============================================================================
forecaster = ForecasterRecursive(
    estimator = LGBMRegressor(random_state=123, verbose=-1),
    lags      = 7
)

forecaster.fit(
    y    = data_train['Demand'],
    exog = data_train['Temperature']
)

forecaster
------------------


[31m---------------------------------------------------------------------------[39m
[31mTypeError[39m                                 Traceback (most recent call last)
[36mCell[39m[36m [39m[32mIn[5][39m[32m, line 3[39m
[32m      1[39m [38;5;66;03m# Create a recursive multi-step forecaster (ForecasterRecursive)[39;00m
[32m      2[39m [38;5;66;03m# ==============================================================================[39;00m
[32m----> [39m[32m3[39m forecaster = [43mForecasterRecursive[49m[43m([49m
[32m      4[39m [43m    [49m[43mestimator[49m[43m [49m[43m=[49m[43m [49m[43mLGBMRegressor[49m[43m([49m[43mrandom_state[49m[43m=[49m[32;43m123[39;49m[43m,[49m[43m [49m[43mverbose[49m[43m=[49m[43m-[49m[32;43m1[39;49m[43m)[49m[43m,[49m
[32m      5[39m [43m    [49m[43mlags[49m[43m      [49m[43m=[49m[43m [49m[32;43m7[39;49m
[32m      6[39m [43m)[49m
[32m      8[39m forecaster.fit(
[32m      9[39m     y    = data_train[[33m'[39m[33mDemand[39m[33m'[39m],
[32m     10[39m     exog = data_train[[33m'[39m[33mTemperature[39m[33m'[39m]
[32m     11[39m )
[32m     13[39m forecaster

[31mTypeError[39m: ForecasterRecursive.__init__() got an unexpected keyword argument 'estimator'

